Flow report for ProjetoHw
Fri Nov 13 20:15:53 2015
Quartus II Version 9.1 Build 350 03/24/2010 Service Pack 2 SJ Web Edition


---------------------
; Table of Contents ;
---------------------
  1. Legal Notice
  2. Flow Summary
  3. Flow Settings
  4. Flow Non-Default Global Settings
  5. Flow Elapsed Time
  6. Flow OS Summary
  7. Flow Log



----------------
; Legal Notice ;
----------------
Copyright (C) 1991-2010 Altera Corporation
Your use of Altera Corporation's design tools, logic functions 
and other software and tools, and its AMPP partner logic 
functions, and any output files from any of the foregoing 
(including device programming or simulation files), and any 
associated documentation or information are expressly subject 
to the terms and conditions of the Altera Program License 
Subscription Agreement, Altera MegaCore Function License 
Agreement, or other applicable license agreement, including, 
without limitation, that your use is for the sole purpose of 
programming logic devices manufactured by Altera and sold by 
Altera or its authorized distributors.  Please refer to the 
applicable agreement for further details.



+------------------------------------------------------------------------------+
; Flow Summary                                                                 ;
+-------------------------------+----------------------------------------------+
; Flow Status                   ; Flow Failed - Fri Nov 13 20:15:53 2015       ;
; Quartus II Version            ; 9.1 Build 350 03/24/2010 SP 2 SJ Web Edition ;
; Revision Name                 ; ProjetoHw                                    ;
; Top-level Entity Name         ; CPU                                          ;
; Family                        ; Stratix II                                   ;
; Met timing requirements       ; N/A                                          ;
; Logic utilization             ; N/A                                          ;
;     Combinational ALUTs       ; 2,950                                        ;
;     Dedicated logic registers ; 1,788                                        ;
; Total registers               ; 1788                                         ;
; Total pins                    ; 767                                          ;
; Total virtual pins            ; 0                                            ;
; Total block memory bits       ; 8,192                                        ;
; DSP block 9-bit elements      ; 0                                            ;
; Total PLLs                    ; 0                                            ;
; Total DLLs                    ; 0                                            ;
+-------------------------------+----------------------------------------------+


+-----------------------------------------+
; Flow Settings                           ;
+-------------------+---------------------+
; Option            ; Setting             ;
+-------------------+---------------------+
; Start date & time ; 11/13/2015 20:15:16 ;
; Main task         ; Compilation         ;
; Revision Name     ; ProjetoHw           ;
+-------------------+---------------------+


+--------------------------------------------------------------------------------------------------------------------------------------------------------+
; Flow Non-Default Global Settings                                                                                                                       ;
+------------------------------------+--------------------------------------------------------------------+---------------+-------------+----------------+
; Assignment Name                    ; Value                                                              ; Default Value ; Entity Name ; Section Id     ;
+------------------------------------+--------------------------------------------------------------------+---------------+-------------+----------------+
; COMPILER_SIGNATURE_ID              ; 114448682540239.144745291601636                                    ; --            ; --          ; --             ;
; MISC_FILE                          ; C:/Users/Haack/Desktop/Faculdade/Projeto de hardware/ProjetoHw.dpf ; --            ; --          ; --             ;
; PARTITION_COLOR                    ; 16764057                                                           ; --            ; CPU         ; Top            ;
; PARTITION_NETLIST_TYPE             ; SOURCE                                                             ; --            ; CPU         ; Top            ;
; TOP_LEVEL_ENTITY                   ; CPU                                                                ; ProjetoHw     ; --          ; --             ;
; USE_GENERATED_PHYSICAL_CONSTRAINTS ; Off                                                                ; --            ; --          ; eda_blast_fpga ;
+------------------------------------+--------------------------------------------------------------------+---------------+-------------+----------------+


+--------------------------------------------------------------------------------------------------------------------------+
; Flow Elapsed Time                                                                                                        ;
+----------------------+--------------+-------------------------+---------------------+------------------------------------+
; Module Name          ; Elapsed Time ; Average Processors Used ; Peak Virtual Memory ; Total CPU Time (on all processors) ;
+----------------------+--------------+-------------------------+---------------------+------------------------------------+
; Analysis & Synthesis ; 00:00:31     ; 1.0                     ; 291 MB              ; 00:00:26                           ;
; Fitter               ; 00:00:01     ; 1.0                     ; 197 MB              ; 00:00:00                           ;
; Total                ; 00:00:32     ; --                      ; --                  ; 00:00:26                           ;
+----------------------+--------------+-------------------------+---------------------+------------------------------------+


+---------------------------------------------------------------------------------------+
; Flow OS Summary                                                                       ;
+----------------------+------------------+---------------+------------+----------------+
; Module Name          ; Machine Hostname ; OS Name       ; OS Version ; Processor type ;
+----------------------+------------------+---------------+------------+----------------+
; Analysis & Synthesis ; Victor           ; Windows Vista ; 6.2        ; x86_64         ;
; Fitter               ; Victor           ; Windows Vista ; 6.2        ; x86_64         ;
+----------------------+------------------+---------------+------------+----------------+


------------
; Flow Log ;
------------
quartus_map --read_settings_files=on --write_settings_files=off ProjetoHw -c ProjetoHw
quartus_fit --read_settings_files=off --write_settings_files=off ProjetoHw -c ProjetoHw



